// Jest Snapshot v1, https://goo.gl/fbAQLP

exports[`createInitialState should always create the same state when called with initial modifiers 1`] = `
Object {
  "acrobatics": Object {
    "abilityModifier": 0,
    "isClassSkill": false,
    "miscModifier": 0,
    "name": "acrobatics",
    "ranks": 0,
    "totalBonus": 0,
  },
  "appraise": Object {
    "abilityModifier": 0,
    "isClassSkill": false,
    "miscModifier": 0,
    "name": "appraise",
    "ranks": 0,
    "totalBonus": 0,
  },
  "bluff": Object {
    "abilityModifier": 0,
    "isClassSkill": false,
    "miscModifier": 0,
    "name": "bluff",
    "ranks": 0,
    "totalBonus": 0,
  },
  "climb": Object {
    "abilityModifier": 0,
    "isClassSkill": false,
    "miscModifier": 0,
    "name": "climb",
    "ranks": 0,
    "totalBonus": 0,
  },
  "craft": Object {
    "abilityModifier": 0,
    "isClassSkill": false,
    "miscModifier": 0,
    "name": "craft",
    "ranks": 0,
    "totalBonus": 0,
  },
  "diplomacy": Object {
    "abilityModifier": 0,
    "isClassSkill": false,
    "miscModifier": 0,
    "name": "diplomacy",
    "ranks": 0,
    "totalBonus": 0,
  },
  "disableDevice": Object {
    "abilityModifier": 0,
    "isClassSkill": false,
    "miscModifier": 0,
    "name": "disableDevice",
    "ranks": 0,
    "totalBonus": 0,
  },
  "disguise": Object {
    "abilityModifier": 0,
    "isClassSkill": false,
    "miscModifier": 0,
    "name": "disguise",
    "ranks": 0,
    "totalBonus": 0,
  },
  "escapeArtist": Object {
    "abilityModifier": 0,
    "isClassSkill": false,
    "miscModifier": 0,
    "name": "escapeArtist",
    "ranks": 0,
    "totalBonus": 0,
  },
  "fly": Object {
    "abilityModifier": 0,
    "isClassSkill": false,
    "miscModifier": 0,
    "name": "fly",
    "ranks": 0,
    "totalBonus": 0,
  },
  "handleAnimal": Object {
    "abilityModifier": 0,
    "isClassSkill": false,
    "miscModifier": 0,
    "name": "handleAnimal",
    "ranks": 0,
    "totalBonus": 0,
  },
  "heal": Object {
    "abilityModifier": 0,
    "isClassSkill": false,
    "miscModifier": 0,
    "name": "heal",
    "ranks": 0,
    "totalBonus": 0,
  },
  "intimidate": Object {
    "abilityModifier": 0,
    "isClassSkill": false,
    "miscModifier": 0,
    "name": "intimidate",
    "ranks": 0,
    "totalBonus": 0,
  },
  "knowledgeArcana": Object {
    "abilityModifier": 0,
    "isClassSkill": false,
    "miscModifier": 0,
    "name": "knowledgeArcana",
    "ranks": 0,
    "totalBonus": 0,
  },
  "knowledgeDungeoneering": Object {
    "abilityModifier": 0,
    "isClassSkill": false,
    "miscModifier": 0,
    "name": "knowledgeDungeoneering",
    "ranks": 0,
    "totalBonus": 0,
  },
  "knowledgeEngineering": Object {
    "abilityModifier": 0,
    "isClassSkill": false,
    "miscModifier": 0,
    "name": "knowledgeEngineering",
    "ranks": 0,
    "totalBonus": 0,
  },
  "knowledgeGeography": Object {
    "abilityModifier": 0,
    "isClassSkill": false,
    "miscModifier": 0,
    "name": "knowledgeGeography",
    "ranks": 0,
    "totalBonus": 0,
  },
  "knowledgeHistory": Object {
    "abilityModifier": 0,
    "isClassSkill": false,
    "miscModifier": 0,
    "name": "knowledgeHistory",
    "ranks": 0,
    "totalBonus": 0,
  },
  "knowledgeLocal": Object {
    "abilityModifier": 0,
    "isClassSkill": false,
    "miscModifier": 0,
    "name": "knowledgeLocal",
    "ranks": 0,
    "totalBonus": 0,
  },
  "knowledgeNature": Object {
    "abilityModifier": 0,
    "isClassSkill": false,
    "miscModifier": 0,
    "name": "knowledgeNature",
    "ranks": 0,
    "totalBonus": 0,
  },
  "knowledgeNobility": Object {
    "abilityModifier": 0,
    "isClassSkill": false,
    "miscModifier": 0,
    "name": "knowledgeNobility",
    "ranks": 0,
    "totalBonus": 0,
  },
  "knowledgePlanes": Object {
    "abilityModifier": 0,
    "isClassSkill": false,
    "miscModifier": 0,
    "name": "knowledgePlanes",
    "ranks": 0,
    "totalBonus": 0,
  },
  "knowledgeReligion": Object {
    "abilityModifier": 0,
    "isClassSkill": false,
    "miscModifier": 0,
    "name": "knowledgeReligion",
    "ranks": 0,
    "totalBonus": 0,
  },
  "linguistics": Object {
    "abilityModifier": 0,
    "isClassSkill": false,
    "miscModifier": 0,
    "name": "linguistics",
    "ranks": 0,
    "totalBonus": 0,
  },
  "perception": Object {
    "abilityModifier": 0,
    "isClassSkill": false,
    "miscModifier": 0,
    "name": "perception",
    "ranks": 0,
    "totalBonus": 0,
  },
  "perform": Object {
    "abilityModifier": 0,
    "isClassSkill": false,
    "miscModifier": 0,
    "name": "perform",
    "ranks": 0,
    "totalBonus": 0,
  },
  "profession": Object {
    "abilityModifier": 0,
    "isClassSkill": false,
    "miscModifier": 0,
    "name": "profession",
    "ranks": 0,
    "totalBonus": 0,
  },
  "ride": Object {
    "abilityModifier": 0,
    "isClassSkill": false,
    "miscModifier": 0,
    "name": "ride",
    "ranks": 0,
    "totalBonus": 0,
  },
  "senseMotive": Object {
    "abilityModifier": 0,
    "isClassSkill": false,
    "miscModifier": 0,
    "name": "senseMotive",
    "ranks": 0,
    "totalBonus": 0,
  },
  "sleightOfHand": Object {
    "abilityModifier": 0,
    "isClassSkill": false,
    "miscModifier": 0,
    "name": "sleightOfHand",
    "ranks": 0,
    "totalBonus": 0,
  },
  "spellcraft": Object {
    "abilityModifier": 0,
    "isClassSkill": false,
    "miscModifier": 0,
    "name": "spellcraft",
    "ranks": 0,
    "totalBonus": 0,
  },
  "stealth": Object {
    "abilityModifier": 0,
    "isClassSkill": false,
    "miscModifier": 0,
    "name": "stealth",
    "ranks": 0,
    "totalBonus": 0,
  },
  "survival": Object {
    "abilityModifier": 0,
    "isClassSkill": false,
    "miscModifier": 0,
    "name": "survival",
    "ranks": 0,
    "totalBonus": 0,
  },
  "swim": Object {
    "abilityModifier": 0,
    "isClassSkill": false,
    "miscModifier": 0,
    "name": "swim",
    "ranks": 0,
    "totalBonus": 0,
  },
  "useMagicDevice": Object {
    "abilityModifier": 0,
    "isClassSkill": false,
    "miscModifier": 0,
    "name": "useMagicDevice",
    "ranks": 0,
    "totalBonus": 0,
  },
}
`;
